// Jest Snapshot v1, https://goo.gl/fbAQLP

exports[`DexieCrypto should write encrypted data 1`] = `
Uint8Array [
  113,
  74,
  224,
  0,
  121,
  89,
  163,
  133,
  136,
  169,
  137,
  130,
  52,
  218,
  230,
  23,
  189,
  135,
  147,
  76,
  48,
  190,
  244,
  177,
  253,
  195,
  24,
  201,
  145,
  190,
  225,
  229,
  71,
  138,
  213,
  129,
  17,
  9,
  82,
  7,
  103,
  6,
  229,
  54,
  123,
  173,
  226,
  96,
  10,
  132,
  225,
  198,
  235,
]
`;
